------------------------------------------------------------
Timing Analyzer Summary
------------------------------------------------------------

Type  : Slow 1200mV 85C Model Setup 'clk48'
Slack : -2.131
TNS   : -3.344

Type  : Slow 1200mV 85C Model Setup 'clk_tmds_x5'
Slack : 0.111
TNS   : 0.000

Type  : Slow 1200mV 85C Model Setup 'clk_cpu'
Slack : 0.202
TNS   : 0.000

Type  : Slow 1200mV 85C Model Setup 'clk_ram'
Slack : 1.534
TNS   : 0.000

Type  : Slow 1200mV 85C Model Setup 'clk_tmds_pixel'
Slack : 2.563
TNS   : 0.000

Type  : Slow 1200mV 85C Model Hold 'clk_cpu'
Slack : 0.246
TNS   : 0.000

Type  : Slow 1200mV 85C Model Hold 'clk48'
Slack : 0.265
TNS   : 0.000

Type  : Slow 1200mV 85C Model Hold 'clk_tmds_x5'
Slack : 0.409
TNS   : 0.000

Type  : Slow 1200mV 85C Model Hold 'clk_tmds_pixel'
Slack : 0.410
TNS   : 0.000

Type  : Slow 1200mV 85C Model Hold 'clk_ram'
Slack : 4.796
TNS   : 0.000

Type  : Slow 1200mV 85C Model Recovery 'clk_cpu'
Slack : 5.200
TNS   : 0.000

Type  : Slow 1200mV 85C Model Removal 'clk_cpu'
Slack : 4.901
TNS   : 0.000

Type  : Slow 1200mV 85C Model Minimum Pulse Width 'clk_tmds_x5'
Slack : 0.586
TNS   : 0.000

Type  : Slow 1200mV 85C Model Minimum Pulse Width 'clk_cpu'
Slack : 5.232
TNS   : 0.000

Type  : Slow 1200mV 85C Model Minimum Pulse Width 'clk_ram'
Slack : 5.348
TNS   : 0.000

Type  : Slow 1200mV 85C Model Minimum Pulse Width 'clk_tmds_pixel'
Slack : 7.399
TNS   : 0.000

Type  : Slow 1200mV 85C Model Minimum Pulse Width 'clk48'
Slack : 10.018
TNS   : 0.000

Type  : Slow 1200mV 0C Model Setup 'clk48'
Slack : -1.677
TNS   : -2.699

Type  : Slow 1200mV 0C Model Setup 'clk_tmds_x5'
Slack : 0.192
TNS   : 0.000

Type  : Slow 1200mV 0C Model Setup 'clk_cpu'
Slack : 0.593
TNS   : 0.000

Type  : Slow 1200mV 0C Model Setup 'clk_ram'
Slack : 1.611
TNS   : 0.000

Type  : Slow 1200mV 0C Model Setup 'clk_tmds_pixel'
Slack : 3.417
TNS   : 0.000

Type  : Slow 1200mV 0C Model Hold 'clk_cpu'
Slack : 0.187
TNS   : 0.000

Type  : Slow 1200mV 0C Model Hold 'clk48'
Slack : 0.245
TNS   : 0.000

Type  : Slow 1200mV 0C Model Hold 'clk_tmds_pixel'
Slack : 0.334
TNS   : 0.000

Type  : Slow 1200mV 0C Model Hold 'clk_tmds_x5'
Slack : 0.334
TNS   : 0.000

Type  : Slow 1200mV 0C Model Hold 'clk_ram'
Slack : 4.536
TNS   : 0.000

Type  : Slow 1200mV 0C Model Recovery 'clk_cpu'
Slack : 5.576
TNS   : 0.000

Type  : Slow 1200mV 0C Model Removal 'clk_cpu'
Slack : 4.326
TNS   : 0.000

Type  : Slow 1200mV 0C Model Minimum Pulse Width 'clk_tmds_x5'
Slack : 0.586
TNS   : 0.000

Type  : Slow 1200mV 0C Model Minimum Pulse Width 'clk_cpu'
Slack : 5.247
TNS   : 0.000

Type  : Slow 1200mV 0C Model Minimum Pulse Width 'clk_ram'
Slack : 5.347
TNS   : 0.000

Type  : Slow 1200mV 0C Model Minimum Pulse Width 'clk_tmds_pixel'
Slack : 7.368
TNS   : 0.000

Type  : Slow 1200mV 0C Model Minimum Pulse Width 'clk48'
Slack : 10.039
TNS   : 0.000

Type  : Fast 1200mV 0C Model Setup 'clk_tmds_x5'
Slack : 1.898
TNS   : 0.000

Type  : Fast 1200mV 0C Model Setup 'clk_ram'
Slack : 2.320
TNS   : 0.000

Type  : Fast 1200mV 0C Model Setup 'clk_cpu'
Slack : 4.404
TNS   : 0.000

Type  : Fast 1200mV 0C Model Setup 'clk48'
Slack : 4.883
TNS   : 0.000

Type  : Fast 1200mV 0C Model Setup 'clk_tmds_pixel'
Slack : 10.676
TNS   : 0.000

Type  : Fast 1200mV 0C Model Hold 'clk48'
Slack : 0.085
TNS   : 0.000

Type  : Fast 1200mV 0C Model Hold 'clk_cpu'
Slack : 0.117
TNS   : 0.000

Type  : Fast 1200mV 0C Model Hold 'clk_tmds_x5'
Slack : 0.152
TNS   : 0.000

Type  : Fast 1200mV 0C Model Hold 'clk_tmds_pixel'
Slack : 0.211
TNS   : 0.000

Type  : Fast 1200mV 0C Model Hold 'clk_ram'
Slack : 3.657
TNS   : 0.000

Type  : Fast 1200mV 0C Model Recovery 'clk_cpu'
Slack : 8.409
TNS   : 0.000

Type  : Fast 1200mV 0C Model Removal 'clk_cpu'
Slack : 2.231
TNS   : 0.000

Type  : Fast 1200mV 0C Model Minimum Pulse Width 'clk_tmds_x5'
Slack : 1.073
TNS   : 0.000

Type  : Fast 1200mV 0C Model Minimum Pulse Width 'clk_cpu'
Slack : 5.347
TNS   : 0.000

Type  : Fast 1200mV 0C Model Minimum Pulse Width 'clk_ram'
Slack : 5.368
TNS   : 0.000

Type  : Fast 1200mV 0C Model Minimum Pulse Width 'clk_tmds_pixel'
Slack : 7.462
TNS   : 0.000

Type  : Fast 1200mV 0C Model Minimum Pulse Width 'clk48'
Slack : 9.825
TNS   : 0.000

------------------------------------------------------------
